[katielovesairbnb.com/index.html]
[backblue.gif]
[fade.gif]
[index.html]
[katielovesairbnb.com/BNB_files/img/sitethumb.jpg]
[katielovesairbnb.com/css/bootstrap.1.delayed]
[katielovesairbnb.com/fontawesome/css/font-awesome.min.4.delayed]
[katielovesairbnb.com/BNB_files/js/ga.js]
[katielovesairbnb.com/BNB_files/js/modernizr-2.5.3.min.js]
[katielovesairbnb.com/BNB_files/img/tag3.png]
[katielovesairbnb.com/BNB_files/img/arrow.png]
[katielovesairbnb.com/BNB_files/img/homesplash4.png]
[katielovesairbnb.com/BNB_files/img/bookswglobe2.png]
[katielovesairbnb.com/BNB_files/img/custom.png]
[katielovesairbnb.com/BNB_files/iphone.png]
[katielovesairbnb.com/BNB_files/passdemo1.mp4]
[katielovesairbnb.com/BNB_files/passdemo1.ogv]
[katielovesairbnb.com/BNB_files/img/adventures.png]
[katielovesairbnb.com/BNB_files/img/cloudsm.png]
[katielovesairbnb.com/three_questions.html]
[katielovesairbnb.com/BNB_files/img/brianjoenathan.png]
[katielovesairbnb.com/BNB_files/img/meshirt3sec.gif]
[katielovesairbnb.com/BNB_files/img/icons/twitter.png]
[katielovesairbnb.com/BNB_files/img/icons/twitterlite.png]
[katielovesairbnb.com/BNB_files/img/icons/fb.png]
[katielovesairbnb.com/BNB_files/img/icons/fblite.png]
[katielovesairbnb.com/BNB_files/img/icons/pinterest.png]
[katielovesairbnb.com/BNB_files/img/icons/pinterestlite.png]
[katielovesairbnb.com/BNB_files/img/icons/tumblr.png]
[katielovesairbnb.com/BNB_files/img/icons/tumblrlite.png]
[katielovesairbnb.com/BNB_files/img/icons/mail.png]
[katielovesairbnb.com/BNB_files/img/icons/maillite.png]
[katielovesairbnb.com/js/libs/jquery-1.7.1.min.js]
[katielovesairbnb.com/BNB_files/js/jquery-ui-1.8.18.custom.min.js]
[katielovesairbnb.com/BNB_files/js/jquery-color.min.js]
[katielovesairbnb.com/BNB_files/js/touchpunch.min.js]
[katielovesairbnb.com/BNB_files/js/raphael.js]
[katielovesairbnb.com/BNB_files/js/PxLoader.js]
[katielovesairbnb.com/BNB_files/js/PxLoaderImage.js]
[katielovesairbnb.com/BNB_files/js/script.js]
[katielovesairbnb.com/lightbox/js/lightbox-2.6.min.js]
[katielovesairbnb.com/index.html]
[katielovesairbnb.com/css/bootstrap.html]
[katielovesairbnb.com/BNB_files/img/fawn.jpg]
[katielovesairbnb.com/BNB_files/img/footer-clock.png]
[katielovesairbnb.com/BNB_files/img/footer-timer-div.png]
[katielovesairbnb.com/BNB_files/img/footer-twitter-logo.png]
[katielovesairbnb.com/BNB_files/img/footer-tweet-now.png]
[katielovesairbnb.com/BNB_files/img/footer-google.2f.delayed]
[katielovesairbnb.com/BNB_files/img/footer-tab.png]
[katielovesairbnb.com/BNB_files/img/bark.jpg]
[katielovesairbnb.com/BNB_files/img/slider-bg.32.delayed]
[katielovesairbnb.com/BNB_files/img/slider-handle.png]
[katielovesairbnb.com/BNB_files/img/slider-highlight.png]
[katielovesairbnb.com/BNB_files/img/s2-background.png]
[katielovesairbnb.com/BNB_files/img/s4-person1.png]
[katielovesairbnb.com/BNB_files/img/s4-person2.png]
[katielovesairbnb.com/BNB_files/img/s5-people.png]
[katielovesairbnb.com/BNB_files/img/s5-bin.png]
[katielovesairbnb.com/BNB_files/img/s6-hand-right.png]
[katielovesairbnb.com/BNB_files/img/s6-hand-left.png]
[katielovesairbnb.com/BNB_files/img/s7-main.png]
[katielovesairbnb.com/BNB_files/css/style.css]
[katielovesairbnb.com/fontawesome/css/font-awesome.min.html]
[katielovesairbnb.com/lightbox/img/close.png]
[katielovesairbnb.com/lightbox/img/loading.gif]
[katielovesairbnb.com/lightbox/img/prev.png]
[katielovesairbnb.com/lightbox/img/next.png]
[katielovesairbnb.com/lightbox/css/lightbox.css]
[katielovesairbnb.com/BNB_files/passdemo1.ogv]
[katielovesairbnb.com/omiyage.png]
[www.chabolla.com/portfolio/img/fine_art/gunnar.43.delayed]
[ajax.googleapis.com/ajax/libs/jquery/1.11.0/jquery.min.js]
[katielovesairbnb.com/three_questions.html]
[katielovesairbnb.com/BNB_files/js/jquery.min.js]
[katielovesairbnb.com/js/libs/jquery-1.7.1.min.html]
[katielovesairbnb.com/BNB_files/css/fonts/wwf-webfont.45.delayed]
[katielovesairbnb.com/BNB_files/css/fonts/wwf-webfontd41d.eot]
[katielovesairbnb.com/BNB_files/css/fonts/wwf-webfont.woff]
[katielovesairbnb.com/BNB_files/css/fonts/wwf-webfont.ttf]
[katielovesairbnb.com/BNB_files/css/fonts/wwf-webfont.svg]
[katielovesairbnb.com/BNB_files/css/reset.css]
[katielovesairbnb.com/BNB_files/img/footer-timer-div.html]
[katielovesairbnb.com/BNB_files/img/footer-twitter-logo.html]
[katielovesairbnb.com/BNB_files/img/footer-tweet-now.html]
[katielovesairbnb.com/BNB_files/img/footer-google.html]
[katielovesairbnb.com/BNB_files/img/footer-tab.html]
[katielovesairbnb.com/BNB_files/img/slider-bg.html]
[katielovesairbnb.com/BNB_files/img/slider-handle.html]
[katielovesairbnb.com/BNB_files/img/slider-highlight.html]
[katielovesairbnb.com/BNB_files/img/s2-background.html]
[katielovesairbnb.com/BNB_files/img/s4-person1.html]
[katielovesairbnb.com/BNB_files/img/s4-person2.html]
[katielovesairbnb.com/BNB_files/img/s5-people.html]
[katielovesairbnb.com/BNB_files/img/s5-bin.html]
[katielovesairbnb.com/BNB_files/img/s6-hand-right.html]
[katielovesairbnb.com/BNB_files/img/s6-hand-left.html]
[katielovesairbnb.com/BNB_files/img/s7-main.html]
[katielovesairbnb.com/BNB_files/img/footer-facebook.png]
[katielovesairbnb.com/fawn.jpg]
[katielovesairbnb.com/css/style.css]
[www.chabolla.com/portfolio/img/fine_art/gunnar.html]
[katielovesairbnb.com/BNB_files/css/fonts/wwf-webfont.html]
[katielovesairbnb.com/BNB_files/css/fonts/wwf-webfontd41d.html]
[katielovesairbnb.com/BNB_files/css/fonts/wwf-webfont-2.html]
[katielovesairbnb.com/BNB_files/css/fonts/wwf-webfont-3.html]
[katielovesairbnb.com/BNB_files/css/fonts/wwf-webfont-4.html]
[katielovesairbnb.com/BNB_files/img/footer-facebook.png]
